// Jest Snapshot v1, https://goo.gl/fbAQLP

exports[`test .puz import av110622 1`] = `
Object {
  "clues": Object {
    "AHH": "\\"That feels amazing ...\\"",
    "ANEW": "From the top",
    "APPLE": "iCloud company",
    "ARMHOLE": "Top opening",
    "BAJA": "Peninsula with delicious avocados",
    "BAN": "Pass a law about, maybe",
    "BITPLEASE": "Polite request to an assistant on a home improvement project?",
    "BOS": "NYY rival",
    "CHE": "T-Shirt revolutionary",
    "DECCA": "Patsy Cline's record label",
    "DENALI": "Mount McKinley's national park",
    "DOG": "Precinct animal",
    "EEN": "Day's end, to a poet",
    "ELAINE": "Jerry's fictional ex",
    "ELISA": "Actress Donovan of \\"Clueless\\"",
    "EMMET": "Irish revolutionary Robert",
    "ENEMY": "The FBI, to the mob",
    "EON": "A billion years",
    "EPT": "Brand with blue and pink test results",
    "ESCAPEHAT": "What a fugitive uses to hide his head?",
    "GLUCOSE": "Blood sugar",
    "HELLSKITTEN": "Cute animal fawned over by murderers, whoremongers, idolaters, and liars?",
    "HEX": "Bad spell",
    "HOJOS": "Erstwhile roadside eateries, familiarly",
    "ICET": "\\"Fin\\" Tutuola portrayer on \\"Law & Order: SVU\\"",
    "IHOP": "Chain with sausage links",
    "IRK": "Piss off",
    "ISAN": "\\"This ___ outrage!\\"",
    "ISAW": "\\"___ the best minds of my generation ...\\"",
    "KOTEX": "Big name in pads",
    "LAME": "Palinesque prefix before \\"stream\\"",
    "LAT": "Delt neighbor",
    "LBS": "Mass units: Abbr.",
    "LEIA": "'70s-'80s princess",
    "LIETO": "Deceive",
    "MLKJR": "First president of the SCLC",
    "MLLE": "Srta. in France",
    "MOA": "Minnesota shopping mecca, for short",
    "MUG": "Face",
    "NATIONAL": "Like some holidays",
    "OHS": "Some cereal units",
    "ONCD": "One way to store data",
    "OOLA": "Slave dancer in Jabba the Hutt's palace",
    "ORAL": "Adult subcategory",
    "PIKE": "Seattle's ___ Place Market",
    "PITTINGCOACH": "Mentor to fruit salad chefs?",
    "PLEA": "Result of some court bargaining",
    "PSAS": "Non-commercial TV spots",
    "QBS": "Valuable fantasy football picks, for short",
    "QUIT": "\\"That's really annoying!\\"",
    "RIGGS": "Gibson's \\"Lethal Weapon\\" role",
    "RUNS": "Some charity events",
    "RUSE": "It's a trick",
    "SAGET": "Foul-mouthed comedian Bob",
    "SATAN": "Fallen angel",
    "SIGHSAT": "Shows exasperation with",
    "SKYE": "___ terrier",
    "SONY": "Maker of robots",
    "STETTED": "Let stand, in editing",
    "SWEAT": "Cool off naturally",
    "TARO": "Root in some fake meat",
    "TAY": "One-time YouTube sensation Zonday",
    "TETS": "Cold holidays in Vietnam",
    "THEWICKEDWIT": "Nickname for a demon doing comedy?",
    "THINGAMAJIG": "Whatever-it's-called",
    "TIMEMACHINE": "Conveyance for Marty McFly",
    "TOM": "Batshit Cruise",
    "TRAM": "Theme park transportation",
    "TREKS": "Cannondale alternatives",
    "TRENCHES": "Foxholes",
    "TRINA": "MC with \\"Still da Baddest\\"",
    "TROI": "Commander Deanna on \\"Star Trek: The Next Generation\\"",
    "UAW": "Org. in 2008 negotiations with GM",
    "USSR": "Cold War letters",
    "UTIL": "Monopoly purchase: Abbr.",
    "VEIN": "User's entry point",
    "VINO": "Trattoria beverage",
    "XXO": "Tic-tac-toe loser",
  },
  "grid": Array [
    "S",
    "A",
    "T",
    "A",
    "N",
    ".",
    "T",
    "R",
    "O",
    "I",
    ".",
    "L",
    "A",
    "M",
    "E",
    "T",
    "R",
    "I",
    "N",
    "A",
    ".",
    "R",
    "U",
    "N",
    "S",
    ".",
    "I",
    "H",
    "O",
    "P",
    "E",
    "M",
    "M",
    "E",
    "T",
    ".",
    "E",
    "S",
    "C",
    "A",
    "P",
    "E",
    "H",
    "A",
    "T",
    "T",
    "H",
    "E",
    "W",
    "I",
    "C",
    "K",
    "E",
    "D",
    "W",
    "I",
    "T",
    ".",
    ".",
    ".",
    "T",
    "O",
    "M",
    ".",
    "O",
    "H",
    "S",
    ".",
    ".",
    ".",
    "K",
    "O",
    "T",
    "E",
    "X",
    "E",
    "L",
    "A",
    "I",
    "N",
    "E",
    ".",
    "M",
    "L",
    "L",
    "E",
    ".",
    "H",
    "E",
    "X",
    "D",
    "E",
    "C",
    "C",
    "A",
    ".",
    "P",
    "L",
    "E",
    "A",
    ".",
    "V",
    "I",
    "N",
    "O",
    ".",
    ".",
    "H",
    "E",
    "L",
    "L",
    "S",
    "K",
    "I",
    "T",
    "T",
    "E",
    "N",
    ".",
    ".",
    "Q",
    "U",
    "I",
    "T",
    ".",
    "B",
    "A",
    "J",
    "A",
    ".",
    "R",
    "I",
    "G",
    "G",
    "S",
    "B",
    "A",
    "N",
    ".",
    "U",
    "S",
    "S",
    "R",
    ".",
    "D",
    "E",
    "N",
    "A",
    "L",
    "I",
    "S",
    "W",
    "E",
    "A",
    "T",
    ".",
    ".",
    ".",
    "E",
    "O",
    "N",
    ".",
    "M",
    "U",
    "G",
    ".",
    ".",
    ".",
    "P",
    "I",
    "T",
    "T",
    "I",
    "N",
    "G",
    "C",
    "O",
    "A",
    "C",
    "H",
    "B",
    "I",
    "T",
    "P",
    "L",
    "E",
    "A",
    "S",
    "E",
    ".",
    "H",
    "O",
    "J",
    "O",
    "S",
    "O",
    "R",
    "A",
    "L",
    ".",
    "T",
    "R",
    "A",
    "M",
    ".",
    "E",
    "L",
    "I",
    "S",
    "A",
    "S",
    "K",
    "Y",
    "E",
    ".",
    "S",
    "O",
    "N",
    "Y",
    ".",
    "S",
    "A",
    "G",
    "E",
    "T",
  ],
  "height": 15,
  "highlight": "circle",
  "highlighted": Array [],
  "title": "AV Club xword, 6 22 11",
  "width": 15,
}
`;

exports[`test .puz import nyt_rebus_with_notes_and_shape 1`] = `
Object {
  "clues": Object {
    "ABATE": "Peter out",
    "ABDOMINAL": "Like some six-packs",
    "ADEN": "Port near the Red Sea",
    "ADUE": "Together, in music",
    "AGATE": "Striped quartz",
    "ALDA": "Tony nominee for \\"Glengarry Glen Ross\\"",
    "ANAIS": "First name in erotica",
    "ANDSO": "\\"Thus ...\\"",
    "ANET": "Without ___ (riskily)",
    "ANIL": "Dye plant",
    "ANTS": "Hill dwellers",
    "ASTARTE": "Ancient Semitic fertility goddess",
    "ATEST": "Mushroom maker, for short",
    "ATTHE": "___ ready",
    "AYN": "Rand who created Dagny Taggart",
    "BOULEVARD": "See 32-Down",
    "CCS": "Also sends to, as an e-mail",
    "CHEF": "Child, for one",
    "COLA": "___ + grenadine + maraschino cherry = Roy Rogers cocktail",
    "DOLE": "Apportionment",
    "EARS": "All ___",
    "EBON": "Like some keys",
    "EDUCT": "Extracted chemical",
    "EDYS": "Competitor of Ben & Jerry's",
    "ELAINEMAY": "\\"Ishtar\\" director",
    "ERICH": "Filmmaker Von Stroheim",
    "ESA": "That, to Tom√°s",
    "ESTEE": "Popular women's fragrance",
    "ETHAN": "Allen in American history",
    "ETHOS": "Set of values",
    "ETTA": "James of jazz",
    "FAM": "Relatives, slangily",
    "GLARE": "Ruiner of many a photo",
    "GREW": "Waxed",
    "HOAR": "Frost",
    "HOLLYWOOD": "With 12-Down, locale of the 4-Down",
    "ICER": "Bakery employee",
    "IRENE": "Adler who outwitted Sherlock Holmes",
    "ITSO": "\\"Wishing won't make ___\\"",
    "LABS": "They might be chocolate",
    "LARA": "___ Flynn Boyle of \\"Twin Peaks\\"",
    "LASH": "Punishment unit",
    "LEAD": "Detective's need",
    "LIE": "Interrogator's discovery",
    "LIV": "Actress Tyler",
    "LOSANGELES": "City where 32- and 12-Down is found",
    "LOSTARTS": "Illumination of manuscripts, and others",
    "MER": "View from Marseille",
    "MILAN": "Home of \\"The Last Supper\\"",
    "MUSTARD": "Yellow squirt?",
    "NEA": "Cultural org.",
    "NOSE": "It may be wrinkled",
    "NOSTARCH": "Request at a laundry",
    "NSA": "Ultrasecret org.",
    "ONAN": "___ impulse",
    "OWN": "Retain",
    "PCTS": "Pie chart figs.",
    "PESTO": "___ alla genovese (sauce)",
    "RACKETEERS": "Makes people offers they can't refuse?",
    "RANAT": "Charged",
    "RAP": "You might end up with a bum one",
    "RESTAREA": "Place for picnicking and dog-walking",
    "RESTARTS": "Options during computer woes",
    "ROTE": "You might give a speech by this",
    "SARS": "Headline-making illness of 2002-03",
    "SEEN": "Spotted",
    "SHES": "Elvis Presley's \\"___ Not You\\"",
    "SLAM": "Dis",
    "SNEER": "Vile smile",
    "TASTE": "It's often unaccounted for",
    "TOMA": "Tony Musante TV series",
    "TWEE": "___ pop, music genre since the 1980s",
    "VAMPIREBAT": "Nocturnal bloodsucker",
    "VERA": "Lynn who sang \\"We'll Meet Again\\"",
    "WALKOFFAME": "Theme of this puzzle",
    "WAR": "\\"That mad game the world so loves to play,\\" to Jonathan Swift",
  },
  "grid": Array [
    "G",
    "R",
    "E",
    "W",
    ".",
    "A",
    "N",
    "A",
    "I",
    "S",
    ".",
    "L",
    "A",
    "B",
    "S",
    "L",
    "A",
    "R",
    "A",
    ".",
    "N",
    "O",
    "STAR",
    "C",
    "H",
    ".",
    "E",
    "B",
    "O",
    "N",
    "A",
    "N",
    "I",
    "L",
    ".",
    "E",
    "S",
    "T",
    "E",
    "E",
    ".",
    "A",
    "D",
    "U",
    "E",
    "R",
    "A",
    "C",
    "K",
    "E",
    "T",
    "E",
    "E",
    "R",
    "S",
    ".",
    "D",
    "O",
    "L",
    "E",
    "E",
    "T",
    "H",
    "O",
    "S",
    ".",
    ".",
    ".",
    ".",
    ".",
    ".",
    ".",
    "M",
    "E",
    "R",
    ".",
    ".",
    ".",
    "F",
    "A",
    "M",
    ".",
    "R",
    "A",
    "P",
    ".",
    "L",
    "I",
    "V",
    ".",
    "C",
    "H",
    "E",
    "F",
    ".",
    "I",
    "R",
    "E",
    "N",
    "E",
    ".",
    "O",
    "N",
    "A",
    "N",
    "C",
    "O",
    "L",
    "A",
    ".",
    "L",
    "O",
    "STAR",
    "T",
    "S",
    ".",
    "S",
    "A",
    "R",
    "S",
    "S",
    "L",
    "A",
    "M",
    ".",
    "A",
    "T",
    "E",
    "S",
    "T",
    ".",
    "A",
    "L",
    "D",
    "A",
    ".",
    "L",
    "I",
    "E",
    ".",
    "N",
    "E",
    "A",
    ".",
    "O",
    "W",
    "N",
    ".",
    ".",
    ".",
    "A",
    "Y",
    "N",
    ".",
    ".",
    ".",
    ".",
    ".",
    ".",
    ".",
    "A",
    "G",
    "A",
    "T",
    "E",
    "T",
    "W",
    "E",
    "E",
    ".",
    "V",
    "A",
    "M",
    "P",
    "I",
    "R",
    "E",
    "B",
    "A",
    "T",
    "T",
    "O",
    "M",
    "A",
    ".",
    "E",
    "D",
    "U",
    "C",
    "T",
    ".",
    "L",
    "A",
    "S",
    "H",
    "H",
    "O",
    "A",
    "R",
    ".",
    "R",
    "E",
    "STAR",
    "T",
    "S",
    ".",
    "E",
    "T",
    "T",
    "A",
    "E",
    "D",
    "Y",
    "S",
    ".",
    "A",
    "N",
    "D",
    "S",
    "O",
    ".",
    "S",
    "E",
    "E",
    "N",
  ],
  "height": 15,
  "highlight": "circle",
  "highlighted": Array [
    7,
    47,
    56,
    168,
    177,
  ],
  "title": "NY Times, Thu, Sep 11, 2008  When this puzzle is done, connect the circled letters in alphabetical order, and then back to the start, to reveal something seen on the 32-Down 4-Down.",
  "width": 15,
}
`;

exports[`test .puz import nyt_with_shape 1`] = `
Object {
  "clues": Object {
    "ACCEPT": "Honor",
    "ACU": "Prefix with pressure",
    "ALONE": "Single-handedly",
    "ALTON": "Illinois city, site of the last Lincoln-Douglas debate",
    "AND": "Moreover",
    "ARAIL": "Thin as ___",
    "ARETOO": "Playground retort",
    "ASSIST": "Basketball datum",
    "ATESTS": "Events registered by seismometers, in brief",
    "ATMFEE": "Charge for cash",
    "AWN": "Natural bristle",
    "BEGGAR": "One desiring change",
    "BERG": "Mad magazine cartoonist Dave",
    "BLING": "Gaudy jewelry, in slang",
    "BOXER": "Ring figure",
    "BRAVA": "La Scala cheer",
    "BRR": "\\"It's c-c-c-cold!\\"",
    "BTEAM": "Second string",
    "CHINESEMUSTARD": "Egg roll topping, perhaps",
    "COE": "Iowa college",
    "DAHLIA": "National flower of Mexico",
    "DAME": "Broad",
    "DEFACE": "Give bad marks",
    "DEIMOS": "Moon of Mars",
    "DID": "Impersonated",
    "DOLLOP": "Spoonful, say",
    "DOONE": "Blackmore's Lorna",
    "DUANEEDDY": "\\"Forty Miles of Bad Road\\" guitarist",
    "DUEL": "Climactic scene in \\"Hamlet\\"",
    "EDICT": "___ of Nantes, 1598",
    "ELM": "___ beetle",
    "ENTIRE": "Unabridged",
    "EON": "Untold millennia",
    "EPEE": "Parrying weapon",
    "ERODED": "Like shorelines, often",
    "ETATS": "Italie et Allemagne",
    "GAEL": "Celtic speaker",
    "GELS": "Some deodorants",
    "GLOOM": "Depression",
    "GUYFAWKESNIGHT": "November 5, in Britain",
    "HAIFA": "Port near Nazareth",
    "HAST": "\\"And ___ thou slain the Jabberwock?\\": Carroll",
    "HTS": "Abbr. after Cleveland or Brooklyn",
    "ICY": "Standoffish",
    "IDA": "Sun Valley locale: Abbr.",
    "INKIND": "Equitable way to return a favor",
    "INTEL": "Purveyor of chips",
    "ISOLA": "Capri, e.g., to a Capriote",
    "ITE": "Resident: Suffix",
    "ITHE": "Spillane's \\"___ Jury\\"",
    "JAPES": "Mocks",
    "JUST": "Fair",
    "KIM": "Kipling novel",
    "LAMBDA": "Leader of Lesbos?",
    "LAS": "Part of U.N.L.V.",
    "LAURA": "\\"La Gioconda\\" mezzo-soprano",
    "LGS": "Some offensive linemen: Abbr.",
    "LIMAOHIO": "City 70 miles SSW of Toledo",
    "MACRO": "Prefix with economics",
    "MAXI": "Start of something big?",
    "MDI": "Year that Michelangelo began work on \\"David\\"",
    "MIR": "Humans last lived there in 2000",
    "MNOP": "Alphabet quartet",
    "MOB": "Treat like a hero, maybe",
    "NARY": "Quaint \\"not\\"",
    "NEAR": "Within striking distance",
    "NEE": "Once known as",
    "NET": "Invoice amount",
    "NONET": "Large chamber group",
    "NOUSE": "\\"Don't even bother\\"",
    "OBOLS": "Ancient Greek coins",
    "OBTAIN": "Procure",
    "OBVERT": "Flip over",
    "OMEN": "Shooting star, maybe",
    "OMNI": "Magazine founded by Bob Guccione",
    "ONSITE": "Not remote",
    "OPERE": "___ citato",
    "OSCARS": "Annual Sunday event, with \\"the\\"",
    "OSTEND": "Belgian city with an 1854 manifesto",
    "OTTOS": "Four Holy Roman emperors",
    "OTWAY": "\\"Venice Preserved\\" dramatist Thomas",
    "OVEN": "Pizza place",
    "OYER": "Open court hearing",
    "PASHA": "\\"Doctor Zhivago\\" role",
    "PATHOS": "Feeling evoked in drama",
    "PAW": "Kitten \\"mitten\\"",
    "PLOW": "Pickup attachment",
    "PRET": "___-√†-porter",
    "PREZ": "Bossman or bosswoman",
    "PROFESSIONALWRESTLING": "It's quite different from the high-school variety",
    "PROMISING": "Favorable",
    "PRUDES": "Unlikely attenders of R-rated films",
    "PUBLISHINGCOMPANY": "Viking, for one",
    "QUARTERMASTERGENERAL": "Army supply officer",
    "RATIO": "Batting average, e.g.",
    "RAWDEAL": "Injustice",
    "REEDED": "Thatched",
    "RELO": "Move, to a real-estate broker",
    "REN": "TV pooch",
    "REPENT": "Feel remorse for",
    "RIPE": "Stinky, as gym clothes",
    "RIVET": "Transfix",
    "ROCKYMOUNTAINBIGHORN": "Wild sheep of the western United States",
    "ROSEOIL": "Perfume ingredient",
    "RYE": "Manhattan part",
    "SAFER": "Deserving a lower insurance premium",
    "SAG": "Lose strength",
    "SAIDSO": "Demanded without reason",
    "SAILS": "Breezes (through)",
    "SENSOR": "Security system component",
    "SHOPS": "Bazaar units",
    "SID": "Half brother of Tom Sawyer",
    "SIRANTHONYHOPKINS": "Best Actor of 1991",
    "SKIRR": "Go rapidly",
    "SMEWS": "Eurasian ducks",
    "SNEES": "Bygone blades",
    "SOONYI": "Mrs. Woody Allen",
    "SPARKS": "Signs of a bad outlet",
    "SPOOR": "Trail to follow",
    "SQUIRT": "Pipsqueak",
    "STERNS": "Rudder locations",
    "STYRENE": "Foamcore component",
    "SUMOS": "\\"Super Duper ___\\" (anime series)",
    "TOETOTOE": "In direct opposition",
    "TREATY": "It may be bilateral",
    "TSETSES": "Flies over the Equator",
    "TURNER": "Word with page or wood",
    "TUSH": "Caboose",
    "ULAN": "___ Bator",
    "UPS": "FedEx rival",
    "URN": "Spigoted vessel",
    "UTE": "Salt Lake City player",
    "YANKEE": "___ Stadium, opened in 1923",
    "ZEN": "___ state",
  },
  "grid": Array [
    "S",
    "A",
    "I",
    "D",
    "S",
    "O",
    ".",
    ".",
    "L",
    "A",
    "M",
    "B",
    "D",
    "A",
    ".",
    "P",
    "R",
    "U",
    "D",
    "E",
    "S",
    "A",
    "C",
    "C",
    "E",
    "P",
    "T",
    ".",
    "R",
    "A",
    "W",
    "D",
    "E",
    "A",
    "L",
    ".",
    "R",
    "E",
    "P",
    "E",
    "N",
    "T",
    "G",
    "U",
    "Y",
    "F",
    "A",
    "W",
    "K",
    "E",
    "S",
    "N",
    "I",
    "G",
    "H",
    "T",
    ".",
    "O",
    "N",
    "S",
    "I",
    "T",
    "E",
    ".",
    ".",
    ".",
    "A",
    "R",
    "A",
    "I",
    "L",
    ".",
    ".",
    ".",
    "G",
    "L",
    "O",
    "O",
    "M",
    ".",
    ".",
    "M",
    "I",
    "R",
    ".",
    "R",
    "O",
    "C",
    "K",
    "Y",
    "M",
    "O",
    "U",
    "N",
    "T",
    "A",
    "I",
    "N",
    "B",
    "I",
    "G",
    "H",
    "O",
    "R",
    "N",
    "J",
    "A",
    "P",
    "E",
    "S",
    ".",
    ".",
    ".",
    "L",
    "A",
    "U",
    "R",
    "A",
    ".",
    "T",
    "S",
    "E",
    "T",
    "S",
    "E",
    "S",
    "U",
    "T",
    "E",
    ".",
    ".",
    "O",
    "S",
    "C",
    "A",
    "R",
    "S",
    ".",
    ".",
    "S",
    "A",
    "I",
    "L",
    "S",
    ".",
    ".",
    ".",
    "S",
    "I",
    "R",
    "A",
    "N",
    "T",
    "H",
    "O",
    "N",
    "Y",
    "H",
    "O",
    "P",
    "K",
    "I",
    "N",
    "S",
    ".",
    "M",
    "O",
    "B",
    "T",
    "O",
    "E",
    "T",
    "O",
    "T",
    "O",
    "E",
    ".",
    ".",
    ".",
    "B",
    "L",
    "I",
    "N",
    "G",
    ".",
    "D",
    "A",
    "M",
    "E",
    ".",
    ".",
    ".",
    "M",
    "N",
    "O",
    "P",
    ".",
    ".",
    "S",
    "P",
    "O",
    "O",
    "R",
    ".",
    ".",
    "B",
    "O",
    "X",
    "E",
    "R",
    "P",
    "R",
    "O",
    "F",
    "E",
    "S",
    "S",
    "I",
    "O",
    "N",
    "A",
    "L",
    "W",
    "R",
    "E",
    "S",
    "T",
    "L",
    "I",
    "N",
    "G",
    "R",
    "I",
    "V",
    "E",
    "T",
    ".",
    ".",
    "S",
    "M",
    "E",
    "W",
    "S",
    ".",
    ".",
    "D",
    "U",
    "E",
    "L",
    ".",
    ".",
    ".",
    "E",
    "P",
    "E",
    "E",
    ".",
    "D",
    "O",
    "O",
    "N",
    "E",
    ".",
    ".",
    ".",
    "L",
    "I",
    "M",
    "A",
    "O",
    "H",
    "I",
    "O",
    "Z",
    "E",
    "N",
    ".",
    "P",
    "U",
    "B",
    "L",
    "I",
    "S",
    "H",
    "I",
    "N",
    "G",
    "C",
    "O",
    "M",
    "P",
    "A",
    "N",
    "Y",
    ".",
    ".",
    ".",
    "B",
    "R",
    "A",
    "V",
    "A",
    ".",
    ".",
    "A",
    "T",
    "E",
    "S",
    "T",
    "S",
    ".",
    ".",
    "I",
    "T",
    "E",
    "S",
    "T",
    "Y",
    "R",
    "E",
    "N",
    "E",
    ".",
    "P",
    "A",
    "S",
    "H",
    "A",
    ".",
    ".",
    ".",
    "S",
    "A",
    "F",
    "E",
    "R",
    "Q",
    "U",
    "A",
    "R",
    "T",
    "E",
    "R",
    "M",
    "A",
    "S",
    "T",
    "E",
    "R",
    "G",
    "E",
    "N",
    "E",
    "R",
    "A",
    "L",
    ".",
    "U",
    "R",
    "N",
    ".",
    ".",
    "E",
    "T",
    "A",
    "T",
    "S",
    ".",
    ".",
    ".",
    "A",
    "L",
    "O",
    "N",
    "E",
    ".",
    ".",
    ".",
    "I",
    "N",
    "K",
    "I",
    "N",
    "D",
    ".",
    "C",
    "H",
    "I",
    "N",
    "E",
    "S",
    "E",
    "M",
    "U",
    "S",
    "T",
    "A",
    "R",
    "D",
    "R",
    "E",
    "E",
    "D",
    "E",
    "D",
    ".",
    "R",
    "O",
    "S",
    "E",
    "O",
    "I",
    "L",
    ".",
    "S",
    "O",
    "O",
    "N",
    "Y",
    "I",
    "T",
    "R",
    "E",
    "A",
    "T",
    "Y",
    ".",
    "O",
    "S",
    "T",
    "E",
    "N",
    "D",
    ".",
    ".",
    "E",
    "R",
    "O",
    "D",
    "E",
    "D",
  ],
  "height": 21,
  "highlight": "circle",
  "highlighted": Array [
    48,
    51,
    52,
    53,
    54,
    55,
    88,
    96,
    97,
    100,
    149,
    154,
    158,
    160,
    210,
    220,
    222,
    229,
    279,
    281,
    282,
    283,
    288,
    290,
    336,
    337,
    341,
    347,
    351,
    385,
    386,
    389,
    390,
    394,
  ],
  "title": "NY Times, Sun, Jul 20, 2008  ACROSS THE BOARD",
  "width": 21,
}
`;

exports[`test .puz import wsj110624 1`] = `
Object {
  "clues": Object {
    "ABALONE": "Conch cousin",
    "AGOG": "Waiting with bated breath",
    "AGUILERA": "Christina of \\"The Voice\\"",
    "AHOME": "\\"Oh, give me ___...\\"",
    "AIL": "Have something",
    "ALIKES": "Look-___ (twins)",
    "ALOE": "Soap additive",
    "AMISH": "\\"Witness\\" group",
    "ANISETTE": "Ouzo relative",
    "APTER": "More fitting",
    "ARK": "Gopher wood craft",
    "ASIAN": "Like three out of five people",
    "ASS": "Jerk",
    "ASSETS": "Some are liquid",
    "ASSN": "Org.",
    "ASSORTED": "Like chocolates in a sampler",
    "ASSURE": "Guarantee",
    "ATECROW": "Had a helping of humble pie",
    "AVERSE": "Resistant",
    "AVIV": "Tel ___",
    "BEET": "Borscht bit",
    "BIPED": "Man, for one",
    "BOASTFUL": "Full of oneself",
    "BRIE": "Camembert cousin",
    "BROKENRECORD": "Good news for an Olympic athlete, bad news for a disc jockey",
    "CACTI": "Desert flora",
    "CARVED": "Did the honors on Thanksgiving",
    "CENTRE": "Middle of Manchester",
    "CHEMICAL": "Dow product",
    "CLASE": "Spanish teacher's group",
    "COEN": "Name in the \\"True Grit\\" credits",
    "COPTS": "Egyptian Christians",
    "COPY": "Text",
    "COVALENT": "Like some bonds",
    "CUOMO": "New York governor",
    "DALMATIA": "Croatian area known for a breed of dog",
    "DEA": "Justice Dept. division",
    "DOGSLED": "Iditarod sight",
    "EGRET": "Snowy bird",
    "EINS": "German count start",
    "ELIAS": "Literature Nobelist Canetti",
    "ENGR": "Many an RPI grad",
    "ENTENTE": "International accord",
    "ENTROPY": "Tendency toward disorder",
    "EPICPOET": "Virgil, for one",
    "ERN": "East ender",
    "ERNANI": "Verdi title bandit",
    "ETO": "DDE's bailiwick",
    "EUROPE": "Iron Curtain setting",
    "EXISTED": "Had a life",
    "EXPENSIVETICKETS": "Good news for concert producers, bad news for speeders",
    "FAIRS": "State expos",
    "FLEA": "Little biter",
    "GAPE": "Stare",
    "GASSTOVE": "Pilot's place",
    "GAWK": "Stare stupidly",
    "GEARED": "Outfitted",
    "GETTINGAFLAT": "Good news for a British apartment seeker, bad news for a motorist",
    "GINS": "Cotton contraptions",
    "GONGS": "They're hit with hammers",
    "HOUSEWORK": "Good news for a real estate developer, bad news for a mom",
    "IHOPE": "Wishful words",
    "INASTIR": "Agitated",
    "INON": "Advised about",
    "IPO": "Wall St. event",
    "IRAE": "\\"Dies ___\\"",
    "IRONS": "\\"The Borgias\\" star",
    "IRV": "Hip-hop producer Gotti",
    "ITSA": "Start of a baby announcement",
    "JAILER": "Bar tender?",
    "JINX": "Hex",
    "KLEIN": "Designer Calvin",
    "LEOG": "\\"Topper\\" star Carroll",
    "LIU": "Lucy of \\"Kill Bill\\"",
    "LONER": "Hardly the gregarious sort",
    "LONGDRIVE": "Good news for a golfer, bad news for a commuter",
    "LORNE": "Michaels of \\"SNL\\"",
    "LOSINGAFEWPOUNDS": "Good news for a dieter, bad news for a London gambler",
    "LOWINFLATION": "Good news for those on fixed incomes, bad news for bike tires",
    "MERE": "Insignificant",
    "MESMER": "Hypnotism pioneer Franz",
    "MIAMI": "Heat home",
    "MOVER": "He'll help you get carried away",
    "NCR": "ATM-making co.",
    "NEXTCASE": "Night court call",
    "NINES": "Baseball teams",
    "NOD": "Silent say-so",
    "NOWI": "Start of a bedtime prayer",
    "OBOEPART": "The duck, in \\"Peter and the Wolf\\"",
    "OBTAINED": "Got",
    "ONE": "Half and half",
    "ONYXES": "Banded stones",
    "ORSINO": "He says \\"If music be the food of love, play on\\"",
    "PEER": "Equal",
    "PENA": "Clinton cabinet member Federico",
    "POSSE": "Oater chasers",
    "PRONE": "Liable",
    "PROS": "Supporting arguments",
    "PUEBLO": "Colorado city",
    "PXS": "Base stores, in brief",
    "REDINK": "Shortfall indicator",
    "RENAULT": "Maker of Clios and Kangoos",
    "RENE": "Lacoste of tennis",
    "REVERSED": "Overturned on appeal",
    "RISE": "Escalation",
    "ROPERS": "Cowboys, at times",
    "RRS": "Monopoly quartet: Abbr.",
    "RUERS": "Sorry folks",
    "SANER": "Having more marbles",
    "SAT": "Looked after Junior",
    "SEEN": "On display",
    "SEL": "Pinch for le chef",
    "SHINE": "Stand out",
    "SHOWS": "Broadway fare",
    "SILENT": "Like some partners",
    "SIS": "Spanish ayes",
    "SITBACK": "Take no action",
    "SKI": "Go downhill",
    "SLIMES": "Attacks a la \\"Ghostbusters\\"",
    "SOLAR": "Like some panels",
    "SONY": "99-Across maker",
    "SORER": "Twice as annoyed",
    "STEVIE": "Wonder who's in the Rock and Roll Hall of Fame",
    "STUCK": "Immobile",
    "TAOS": "New Mexico art colony",
    "TEE": "Ball point?",
    "THREESTRIKES": "Good news for a pitcher, bad news for labor management",
    "TRAIL": "Have some catching up to do",
    "TROUT": "Lake dweller",
    "TRUCE": "It's called between combatants",
    "TWAIN": "Mark with a mustache",
    "UMP": "Expert on plays",
    "USEDCAR": "Lemon, possibly",
    "USUAL": "Everyday",
    "VAIO": "Personal computer brand",
    "VAMPIRES": "They go for a bite at night",
    "WISED": "Smartened (up)",
    "WONTON": "Cantonese kreplach",
  },
  "grid": Array [
    "D",
    "O",
    "G",
    "S",
    "L",
    "E",
    "D",
    ".",
    "A",
    "G",
    "U",
    "I",
    "L",
    "E",
    "R",
    "A",
    ".",
    "A",
    "G",
    "O",
    "G",
    "A",
    "B",
    "A",
    "L",
    "O",
    "N",
    "E",
    ".",
    "V",
    "A",
    "M",
    "P",
    "I",
    "R",
    "E",
    "S",
    ".",
    "M",
    "E",
    "R",
    "E",
    "L",
    "O",
    "S",
    "I",
    "N",
    "G",
    "A",
    "F",
    "E",
    "W",
    "P",
    "O",
    "U",
    "N",
    "D",
    "S",
    ".",
    "I",
    "T",
    "S",
    "A",
    "M",
    "E",
    "S",
    "M",
    "E",
    "R",
    ".",
    "A",
    "R",
    "K",
    ".",
    ".",
    ".",
    ".",
    "I",
    "N",
    "A",
    "S",
    "T",
    "I",
    "R",
    "A",
    "P",
    "T",
    "E",
    "R",
    ".",
    "S",
    "I",
    "S",
    ".",
    "A",
    "S",
    "I",
    "A",
    "N",
    ".",
    "S",
    "H",
    "I",
    "N",
    "E",
    "T",
    "A",
    "O",
    "S",
    ".",
    "T",
    "H",
    "R",
    "E",
    "E",
    "S",
    "T",
    "R",
    "I",
    "K",
    "E",
    "S",
    ".",
    "N",
    "O",
    "D",
    "I",
    "R",
    "V",
    ".",
    "P",
    "R",
    "O",
    "S",
    ".",
    "U",
    "S",
    "U",
    "A",
    "L",
    ".",
    "L",
    "E",
    "O",
    "G",
    ".",
    ".",
    "A",
    "T",
    "E",
    "C",
    "R",
    "O",
    "W",
    ".",
    "T",
    "R",
    "U",
    "C",
    "E",
    ".",
    "S",
    "I",
    "T",
    "B",
    "A",
    "C",
    "K",
    ".",
    ".",
    ".",
    "H",
    "O",
    "U",
    "S",
    "E",
    "W",
    "O",
    "R",
    "K",
    ".",
    "B",
    "O",
    "A",
    "S",
    "T",
    "F",
    "U",
    "L",
    "S",
    "I",
    "L",
    "E",
    "N",
    "T",
    ".",
    "G",
    "A",
    "P",
    "E",
    ".",
    "G",
    "I",
    "N",
    "S",
    ".",
    "A",
    "L",
    "O",
    "E",
    "A",
    "H",
    "O",
    "M",
    "E",
    ".",
    "B",
    "R",
    "I",
    "E",
    ".",
    "C",
    "O",
    "P",
    "Y",
    ".",
    "M",
    "I",
    "A",
    "M",
    "I",
    "N",
    "O",
    "W",
    "I",
    ".",
    "S",
    "E",
    "E",
    "N",
    ".",
    "R",
    "E",
    "N",
    "E",
    ".",
    "W",
    "O",
    "N",
    "T",
    "O",
    "N",
    "E",
    "P",
    "I",
    "C",
    "P",
    "O",
    "E",
    "T",
    ".",
    "L",
    "O",
    "N",
    "G",
    "D",
    "R",
    "I",
    "V",
    "E",
    ".",
    ".",
    ".",
    "R",
    "E",
    "N",
    "A",
    "U",
    "L",
    "T",
    ".",
    "C",
    "O",
    "P",
    "T",
    "S",
    ".",
    "U",
    "S",
    "E",
    "D",
    "C",
    "A",
    "R",
    ".",
    ".",
    "F",
    "L",
    "E",
    "A",
    ".",
    "S",
    "O",
    "R",
    "E",
    "R",
    ".",
    "P",
    "E",
    "E",
    "R",
    ".",
    "O",
    "N",
    "E",
    "S",
    "E",
    "L",
    ".",
    "B",
    "R",
    "O",
    "K",
    "E",
    "N",
    "R",
    "E",
    "C",
    "O",
    "R",
    "D",
    ".",
    "A",
    "V",
    "I",
    "V",
    "T",
    "R",
    "A",
    "I",
    "L",
    ".",
    "N",
    "I",
    "N",
    "E",
    "S",
    ".",
    "A",
    "S",
    "S",
    ".",
    "C",
    "L",
    "A",
    "S",
    "E",
    "E",
    "N",
    "T",
    "R",
    "O",
    "P",
    "Y",
    ".",
    ".",
    ".",
    ".",
    "R",
    "R",
    "S",
    ".",
    "J",
    "A",
    "I",
    "L",
    "E",
    "R",
    "V",
    "A",
    "I",
    "O",
    ".",
    "E",
    "X",
    "P",
    "E",
    "N",
    "S",
    "I",
    "V",
    "E",
    "T",
    "I",
    "C",
    "K",
    "E",
    "T",
    "S",
    "I",
    "N",
    "O",
    "N",
    ".",
    "N",
    "E",
    "X",
    "T",
    "C",
    "A",
    "S",
    "E",
    ".",
    "E",
    "N",
    "T",
    "E",
    "N",
    "T",
    "E",
    "E",
    "I",
    "N",
    "S",
    ".",
    "A",
    "S",
    "S",
    "O",
    "R",
    "T",
    "E",
    "D",
    ".",
    "E",
    "X",
    "I",
    "S",
    "T",
    "E",
    "D",
  ],
  "height": 21,
  "highlight": "circle",
  "highlighted": Array [],
  "title": "June 24, 2011 - Good News, Bad News",
  "width": 21,
}
`;
